-c tests/xmaIntegration/config.xml -s tests/xmaIntegration/integrationTC002.xml
-c tests/xmaIntegration/config.xml -s tests/sendMM7/sendMM7TC001.xml
-c tests/xmaIntegration/config.xml -s tests/sendMM7/sendMM7TC003.xml
-c tests/xmaIntegration/config.xml -s tests/sendMM7/sendMM7TC004a.xml
-c tests/xmaIntegration/config.xml -s tests/sendMM7/sendMM7TC004b.xml
-c tests/xmaIntegration/config.xml -s tests/sendMM7/sendMM7TC004d.xml
-c tests/xmaIntegration/config.xml -s tests/sendMM7/sendMM7TC004e.xml
-c tests/xmaIntegration/config.xml -s tests/sendMM7/sendMM7TC004g.xml
-c tests/xmaIntegration/config.xml -s tests/sendMM7/sendMM7TC004h.xml
-c tests/xmaIntegration/config.xml -s tests/sendMM7/sendMM7TC004i.xml
-c tests/xmaIntegration/config.xml -s tests/sendMM7/sendMM7TC006a.xml
-c tests/xmaIntegration/config.xml -s tests/sendMM7/sendMM7TC006b.xml
-c tests/xmaIntegration/config.xml -s tests/sendMM7/sendMM7TC006c.xml
-c tests/xmaIntegration/config.xml -s tests/sendMM7/sendMM7TC006d.xml
-c tests/xmaIntegration/config.xml -s tests/sendMM7/sendMM7TC006e.xml
-c tests/xmaIntegration/config.xml -s tests/sendMM7/sendMM7TC006f.xml
-c tests/xmaIntegration/config.xml -s tests/sendMM7/sendMM7TC006g.xml
-c tests/xmaIntegration/config.xml -s tests/sendMM7/sendMM7TC007a.xml
-c tests/xmaIntegration/config.xml -s tests/sendMM7/sendMM7TC007b.xml
-c tests/xmaIntegration/config.xml -s tests/sendMM7/sendMM7TC007c.xml
-c tests/xmaIntegration/config.xml -s tests/sendMM7/sendMM7TC007d.xml
-c tests/xmaIntegration/config.xml -s tests/sendMM7/sendMM7TC007e.xml
-c tests/xmaIntegration/config.xml -s tests/sendMM7/sendMM7TC008a.xml
-c tests/xmaIntegration/config.xml -s tests/sendMM7/sendMM7TC008b.xml
-c tests/xmaIntegration/config.xml -s tests/sendMM7/sendMM7TC008c.xml
-c tests/xmaIntegration/config.xml -s tests/sendMM7/sendMM7TC008d.xml
-c tests/xmaIntegration/config.xml -s tests/sendMM7/sendMM7TC008e.xml
-c tests/xmaIntegration/config.xml -s tests/sendMM7/sendMM7TC008f.xml
-c tests/xmaIntegration/config.xml -s tests/sendMM7/sendMM7TC009.xml
-c tests/xmaIntegration/config.xml -s tests/sendMM7/sendMM7TC010.xml
-c tests/xmaIntegration/config.xml -s tests/sendMM7/sendMM7TC011a.xml
-c tests/xmaIntegration/config.xml -s tests/sendMM7/sendMM7TC011b.xml
-c tests/xmaIntegration/config.xml -s tests/sendMM7/sendMM7TC011c.xml
-c tests/xmaIntegration/config.xml -s tests/sendMM7/sendMM7TC011d.xml
-c tests/xmaIntegration/config.xml -s tests/sendMM7/sendMM7TC012.xml   #TIME_OUT=20
-c tests/xmaIntegration/config.xml -s tests/sendMM7/sendMM7TC013.xml
-c tests/xmaIntegration/config.xml -s tests/sendMM7/sendMM7TC014.xml
-c tests/xmaIntegration/config.xml -s tests/sendMM7/sendMM7TC016.xml
-c tests/xmaIntegration/config.xml -s tests/sendMM7/sendMM7TC016a.xml
-c tests/xmaIntegration/config.xml -s tests/sendMM7/sendMM7TC016b.xml
-c tests/xmaIntegration/config.xml -s tests/sendMM7/sendMM7TC016c.xml
-c tests/xmaIntegration/config.xml -s tests/sendMM7/sendMM7TC016d.xml
-c tests/xmaIntegration/config.xml -s tests/sendMM7/sendMM7TC016e.xml
-c tests/xmaIntegration/config.xml -s tests/sendMM7/sendMM7TC016f.xml
-c tests/xmaIntegration/config.xml -s tests/sendMM7/sendMM7TC016g.xml
-c tests/xmaIntegration/config.xml -s tests/sendMM7/sendMM7TC016h.xml
-c tests/xmaIntegration/config.xml -s tests/sendMM7/sendMM7TC016i.xml
-c tests/xmaIntegration/config.xml -s tests/retrMM1/retrMM1TC001.xml
-c tests/xmaIntegration/config.xml -s tests/retrMM1/retrMM1TC002.xml
-c tests/xmaIntegration/config.xml -s tests/retrMM1/retrMM1TC003.xml
-c tests/xmaIntegration/config.xml -s tests/retrMM1/retrMM1TC004.xml
-c tests/xmaIntegration/config.xml -s tests/retrMM1/retrMM1TC005.xml
-c tests/xmaIntegration/config.xml -s tests/sendMM4/sendMM4TC001.xml
-c tests/xmaIntegration/config.xml -s tests/sendMM4/sendMM4TC003.xml
-c tests/xmaIntegration/config.xml -s tests/sendMM4/sendMM4TC004a.xml
-c tests/xmaIntegration/config.xml -s tests/sendMM4/sendMM4TC005a.xml
-c tests/xmaIntegration/config.xml -s tests/sendMM4/sendMM4TC006a.xml
-c tests/xmaIntegration/config.xml -s tests/sendMM4/sendMM4TC007.xml
-c tests/xmaIntegration/config.xml -s tests/sendMM4/sendMM4TC008.xml
-c tests/xmaIntegration/config.xml -s tests/sendMM4/sendMM4TC009.xml
-c tests/xmaIntegration/config.xml -s tests/sendMM4/sendMM4TC010.xml
-c tests/xmaIntegration/config.xml -s tests/dereMM/dereMM7TC001.xml
-c tests/xmaIntegration/config.xml -s tests/dereMM/dereMM7TC002.xml
-c tests/xmaIntegration/config.xml -s tests/dereMM/dereMM7TC003.xml
-c tests/xmaIntegration/config.xml -s tests/dereMM/dereMM7TC004.xml
-c tests/xmaIntegration/config.xml -s tests/dereMM/dereMM4TC001.xml
-c tests/xmaIntegration/config.xml -s tests/dereMM/dereMM4TC003.xml
-c tests/xmaIntegration/config.xml -s tests/dereMM/dereMM4TC004.xml
-c tests/xmaIntegration/config.xml -s tests/dereMM/dereMM4TC007.xml
-c tests/xmaIntegration/config.xml -s tests/dereMM/dereMM4TC008.xml
-c tests/xmaIntegration/config.xml -s tests/retryMM/retryMM1TC001.xml
-c tests/xmaIntegration/config.xml -s tests/retryMM/retryMM1TC002.xml
-c tests/xmaIntegration/config.xml -s tests/retryMM/retryMM4TC001.xml
-c tests/xmaIntegration/config.xml -s tests/retryMM/retryMM4TC002.xml
-c tests/xmaIntegration/config.xml -s tests/retryMM/retryMM4TC003.xml
-c tests/xmaIntegration/config.xml -s tests/retryMM/retryMM4TC004.xml
-c tests/xmaIntegration/config.xml -s tests/retryMM/retryMM7TC001.xml
-c tests/xmaIntegration/config.xml -s tests/retryMM/retryMM7TC002.xml
-c tests/xmaIntegration/config.xml -s tests/externalTracing/extxmaTC001.xml
-c tests/xmaIntegration/config.xml -s tests/externalTracing/extxmaTC002.xml
-c tests/xmaIntegration/config.xml -s tests/externalTracing/extxmaTC003.xml
-c tests/xmaIntegration/config.xml -s tests/xmaIntegration/integrationTC001.xml
